[1.432s] Invoking command in '/home/taylor/Documents/robotics-testing-repo/scrb-introtask/intro_py_pkg': PYTHONPATH=/home/taylor/Documents/robotics-testing-repo/scrb-introtask/build/intro_py_pkg/prefix_override:/usr/lib/python3/dist-packages/colcon_core/task/python/colcon_distutils_commands:/home/taylor/Documents/robotics-testing-repo/scrb-introtask/install/intro_py_pkg/lib/python3.10/site-packages:${PYTHONPATH} /usr/bin/python3 -W ignore:setup.py install is deprecated -W ignore:easy_install command is deprecated setup.py egg_info --egg-base ../build/intro_py_pkg build --build-base /home/taylor/Documents/robotics-testing-repo/scrb-introtask/build/intro_py_pkg/build install --record /home/taylor/Documents/robotics-testing-repo/scrb-introtask/build/intro_py_pkg/install.log --single-version-externally-managed install_data
[1.975s] running egg_info
[1.977s] writing ../build/intro_py_pkg/intro_py_pkg.egg-info/PKG-INFO
[1.988s] writing dependency_links to ../build/intro_py_pkg/intro_py_pkg.egg-info/dependency_links.txt
[1.989s] writing entry points to ../build/intro_py_pkg/intro_py_pkg.egg-info/entry_points.txt
[1.989s] writing requirements to ../build/intro_py_pkg/intro_py_pkg.egg-info/requires.txt
[1.990s] writing top-level names to ../build/intro_py_pkg/intro_py_pkg.egg-info/top_level.txt
[1.993s] reading manifest file '../build/intro_py_pkg/intro_py_pkg.egg-info/SOURCES.txt'
[1.999s] writing manifest file '../build/intro_py_pkg/intro_py_pkg.egg-info/SOURCES.txt'
[1.999s] running build
[1.999s] running build_py
[2.004s] running install
[2.004s] running install_lib
[2.006s] running install_data
[2.007s] running install_egg_info
[2.010s] removing '/home/taylor/Documents/robotics-testing-repo/scrb-introtask/install/intro_py_pkg/lib/python3.10/site-packages/intro_py_pkg-0.0.0-py3.10.egg-info' (and everything under it)
[2.011s] Copying ../build/intro_py_pkg/intro_py_pkg.egg-info to /home/taylor/Documents/robotics-testing-repo/scrb-introtask/install/intro_py_pkg/lib/python3.10/site-packages/intro_py_pkg-0.0.0-py3.10.egg-info
[2.014s] running install_scripts
[2.057s] Installing listener script to /home/taylor/Documents/robotics-testing-repo/scrb-introtask/install/intro_py_pkg/lib/intro_py_pkg
[2.058s] Installing talker script to /home/taylor/Documents/robotics-testing-repo/scrb-introtask/install/intro_py_pkg/lib/intro_py_pkg
[2.059s] writing list of installed files to '/home/taylor/Documents/robotics-testing-repo/scrb-introtask/build/intro_py_pkg/install.log'
[2.104s] Invoked command in '/home/taylor/Documents/robotics-testing-repo/scrb-introtask/intro_py_pkg' returned '0': PYTHONPATH=/home/taylor/Documents/robotics-testing-repo/scrb-introtask/build/intro_py_pkg/prefix_override:/usr/lib/python3/dist-packages/colcon_core/task/python/colcon_distutils_commands:/home/taylor/Documents/robotics-testing-repo/scrb-introtask/install/intro_py_pkg/lib/python3.10/site-packages:${PYTHONPATH} /usr/bin/python3 -W ignore:setup.py install is deprecated -W ignore:easy_install command is deprecated setup.py egg_info --egg-base ../build/intro_py_pkg build --build-base /home/taylor/Documents/robotics-testing-repo/scrb-introtask/build/intro_py_pkg/build install --record /home/taylor/Documents/robotics-testing-repo/scrb-introtask/build/intro_py_pkg/install.log --single-version-externally-managed install_data
