[0.026s] Invoking command in '/home/taylor/Documents/robotics-testing-repo/scrb-introtask/build/my_cpp_pkg': CMAKE_PREFIX_PATH=/opt/ros/humble /usr/bin/cmake --build /home/taylor/Documents/robotics-testing-repo/scrb-introtask/build/my_cpp_pkg -- -j2 -l2
[0.160s] [35m[1mConsolidate compiler generated dependencies of target talker[0m
[0.197s] [ 75%] [32mBuilding CXX object CMakeFiles/listener.dir/src/subscriber.cpp.o[0m
[0.197s] [ 75%] Built target talker
[17.497s] [100%] [32m[1mLinking CXX executable listener[0m
[18.147s] [100%] Built target listener
[18.172s] Invoked command in '/home/taylor/Documents/robotics-testing-repo/scrb-introtask/build/my_cpp_pkg' returned '0': CMAKE_PREFIX_PATH=/opt/ros/humble /usr/bin/cmake --build /home/taylor/Documents/robotics-testing-repo/scrb-introtask/build/my_cpp_pkg -- -j2 -l2
[18.194s] Invoking command in '/home/taylor/Documents/robotics-testing-repo/scrb-introtask/build/my_cpp_pkg': CMAKE_PREFIX_PATH=/opt/ros/humble /usr/bin/cmake --install /home/taylor/Documents/robotics-testing-repo/scrb-introtask/build/my_cpp_pkg
[18.220s] -- Install configuration: ""
[18.221s] -- Installing: /home/taylor/Documents/robotics-testing-repo/scrb-introtask/install/my_cpp_pkg/lib/my_cpp_pkg/talker
[18.225s] -- Set runtime path of "/home/taylor/Documents/robotics-testing-repo/scrb-introtask/install/my_cpp_pkg/lib/my_cpp_pkg/talker" to ""
[18.227s] -- Installing: /home/taylor/Documents/robotics-testing-repo/scrb-introtask/install/my_cpp_pkg/lib/my_cpp_pkg/listener
[18.238s] -- Set runtime path of "/home/taylor/Documents/robotics-testing-repo/scrb-introtask/install/my_cpp_pkg/lib/my_cpp_pkg/listener" to ""
[18.238s] -- Up-to-date: /home/taylor/Documents/robotics-testing-repo/scrb-introtask/install/my_cpp_pkg/share/ament_index/resource_index/package_run_dependencies/my_cpp_pkg
[18.238s] -- Up-to-date: /home/taylor/Documents/robotics-testing-repo/scrb-introtask/install/my_cpp_pkg/share/ament_index/resource_index/parent_prefix_path/my_cpp_pkg
[18.239s] -- Installing: /home/taylor/Documents/robotics-testing-repo/scrb-introtask/install/my_cpp_pkg/share/my_cpp_pkg/environment/ament_prefix_path.sh
[18.240s] -- Installing: /home/taylor/Documents/robotics-testing-repo/scrb-introtask/install/my_cpp_pkg/share/my_cpp_pkg/environment/ament_prefix_path.dsv
[18.240s] -- Installing: /home/taylor/Documents/robotics-testing-repo/scrb-introtask/install/my_cpp_pkg/share/my_cpp_pkg/environment/path.sh
[18.241s] -- Installing: /home/taylor/Documents/robotics-testing-repo/scrb-introtask/install/my_cpp_pkg/share/my_cpp_pkg/environment/path.dsv
[18.242s] -- Up-to-date: /home/taylor/Documents/robotics-testing-repo/scrb-introtask/install/my_cpp_pkg/share/my_cpp_pkg/local_setup.bash
[18.243s] -- Up-to-date: /home/taylor/Documents/robotics-testing-repo/scrb-introtask/install/my_cpp_pkg/share/my_cpp_pkg/local_setup.sh
[18.243s] -- Up-to-date: /home/taylor/Documents/robotics-testing-repo/scrb-introtask/install/my_cpp_pkg/share/my_cpp_pkg/local_setup.zsh
[18.243s] -- Installing: /home/taylor/Documents/robotics-testing-repo/scrb-introtask/install/my_cpp_pkg/share/my_cpp_pkg/local_setup.dsv
[18.243s] -- Installing: /home/taylor/Documents/robotics-testing-repo/scrb-introtask/install/my_cpp_pkg/share/my_cpp_pkg/package.dsv
[18.244s] -- Up-to-date: /home/taylor/Documents/robotics-testing-repo/scrb-introtask/install/my_cpp_pkg/share/ament_index/resource_index/packages/my_cpp_pkg
[18.244s] -- Up-to-date: /home/taylor/Documents/robotics-testing-repo/scrb-introtask/install/my_cpp_pkg/share/my_cpp_pkg/cmake/my_cpp_pkgConfig.cmake
[18.244s] -- Up-to-date: /home/taylor/Documents/robotics-testing-repo/scrb-introtask/install/my_cpp_pkg/share/my_cpp_pkg/cmake/my_cpp_pkgConfig-version.cmake
[18.245s] -- Up-to-date: /home/taylor/Documents/robotics-testing-repo/scrb-introtask/install/my_cpp_pkg/share/my_cpp_pkg/package.xml
[18.249s] Invoked command in '/home/taylor/Documents/robotics-testing-repo/scrb-introtask/build/my_cpp_pkg' returned '0': CMAKE_PREFIX_PATH=/opt/ros/humble /usr/bin/cmake --install /home/taylor/Documents/robotics-testing-repo/scrb-introtask/build/my_cpp_pkg
