[0.033s] Invoking command in '/home/taylor/Documents/robotics-testing-repo/imu_compass_ws/build/tm_imu': CMAKE_PREFIX_PATH=${CMAKE_PREFIX_PATH}:/opt/ros/jazzy DEBUGINFOD_URLS=https://debuginfod.ubuntu.com /usr/bin/cmake --build /home/taylor/Documents/robotics-testing-repo/imu_compass_ws/build/tm_imu -- -j12 -l12
[0.271s] [ 25%] Built target imu_subscriber
[0.306s] [100%] Built target transducer_m_imu
[0.360s] Invoked command in '/home/taylor/Documents/robotics-testing-repo/imu_compass_ws/build/tm_imu' returned '0': CMAKE_PREFIX_PATH=${CMAKE_PREFIX_PATH}:/opt/ros/jazzy DEBUGINFOD_URLS=https://debuginfod.ubuntu.com /usr/bin/cmake --build /home/taylor/Documents/robotics-testing-repo/imu_compass_ws/build/tm_imu -- -j12 -l12
[0.406s] Invoking command in '/home/taylor/Documents/robotics-testing-repo/imu_compass_ws/build/tm_imu': CMAKE_PREFIX_PATH=${CMAKE_PREFIX_PATH}:/opt/ros/jazzy DEBUGINFOD_URLS=https://debuginfod.ubuntu.com /usr/bin/cmake --install /home/taylor/Documents/robotics-testing-repo/imu_compass_ws/build/tm_imu
[0.439s] -- Install configuration: ""
[0.445s] -- Up-to-date: /home/taylor/Documents/robotics-testing-repo/imu_compass_ws/install/tm_imu/lib/tm_imu/transducer_m_imu
[0.445s] -- Up-to-date: /home/taylor/Documents/robotics-testing-repo/imu_compass_ws/install/tm_imu/lib/tm_imu/imu_subscriber
[0.446s] -- Up-to-date: /home/taylor/Documents/robotics-testing-repo/imu_compass_ws/install/tm_imu/share/tm_imu//launch
[0.447s] -- Up-to-date: /home/taylor/Documents/robotics-testing-repo/imu_compass_ws/install/tm_imu/share/tm_imu//launch/imu.launch.py
[0.448s] -- Up-to-date: /home/taylor/Documents/robotics-testing-repo/imu_compass_ws/install/tm_imu/share/tm_imu//config
[0.448s] -- Up-to-date: /home/taylor/Documents/robotics-testing-repo/imu_compass_ws/install/tm_imu/share/tm_imu//config/params.yaml
[0.449s] -- Up-to-date: /home/taylor/Documents/robotics-testing-repo/imu_compass_ws/install/tm_imu/share/ament_index/resource_index/package_run_dependencies/tm_imu
[0.450s] -- Up-to-date: /home/taylor/Documents/robotics-testing-repo/imu_compass_ws/install/tm_imu/share/ament_index/resource_index/parent_prefix_path/tm_imu
[0.450s] -- Up-to-date: /home/taylor/Documents/robotics-testing-repo/imu_compass_ws/install/tm_imu/share/tm_imu/environment/ament_prefix_path.sh
[0.450s] -- Up-to-date: /home/taylor/Documents/robotics-testing-repo/imu_compass_ws/install/tm_imu/share/tm_imu/environment/ament_prefix_path.dsv
[0.451s] -- Up-to-date: /home/taylor/Documents/robotics-testing-repo/imu_compass_ws/install/tm_imu/share/tm_imu/environment/path.sh
[0.451s] -- Up-to-date: /home/taylor/Documents/robotics-testing-repo/imu_compass_ws/install/tm_imu/share/tm_imu/environment/path.dsv
[0.451s] -- Up-to-date: /home/taylor/Documents/robotics-testing-repo/imu_compass_ws/install/tm_imu/share/tm_imu/local_setup.bash
[0.452s] -- Up-to-date: /home/taylor/Documents/robotics-testing-repo/imu_compass_ws/install/tm_imu/share/tm_imu/local_setup.sh
[0.452s] -- Up-to-date: /home/taylor/Documents/robotics-testing-repo/imu_compass_ws/install/tm_imu/share/tm_imu/local_setup.zsh
[0.452s] -- Up-to-date: /home/taylor/Documents/robotics-testing-repo/imu_compass_ws/install/tm_imu/share/tm_imu/local_setup.dsv
[0.453s] -- Installing: /home/taylor/Documents/robotics-testing-repo/imu_compass_ws/install/tm_imu/share/tm_imu/package.dsv
[0.453s] -- Up-to-date: /home/taylor/Documents/robotics-testing-repo/imu_compass_ws/install/tm_imu/share/ament_index/resource_index/packages/tm_imu
[0.454s] -- Up-to-date: /home/taylor/Documents/robotics-testing-repo/imu_compass_ws/install/tm_imu/share/tm_imu/cmake/tm_imuConfig.cmake
[0.457s] -- Up-to-date: /home/taylor/Documents/robotics-testing-repo/imu_compass_ws/install/tm_imu/share/tm_imu/cmake/tm_imuConfig-version.cmake
[0.458s] -- Up-to-date: /home/taylor/Documents/robotics-testing-repo/imu_compass_ws/install/tm_imu/share/tm_imu/package.xml
[0.464s] Invoked command in '/home/taylor/Documents/robotics-testing-repo/imu_compass_ws/build/tm_imu' returned '0': CMAKE_PREFIX_PATH=${CMAKE_PREFIX_PATH}:/opt/ros/jazzy DEBUGINFOD_URLS=https://debuginfod.ubuntu.com /usr/bin/cmake --install /home/taylor/Documents/robotics-testing-repo/imu_compass_ws/build/tm_imu
