[0.034s] Invoking command in '/home/taylor/Documents/robotics-testing-repo/imu_compass_ws/build/tm_imu': CMAKE_PREFIX_PATH=${CMAKE_PREFIX_PATH}:/opt/ros/jazzy DEBUGINFOD_URLS=https://debuginfod.ubuntu.com /usr/bin/cmake --build /home/taylor/Documents/robotics-testing-repo/imu_compass_ws/build/tm_imu -- -j12 -l12
[0.150s] -- Found ament_cmake: 2.5.6 (/opt/ros/jazzy/share/ament_cmake/cmake)
[1.033s] -- Found rclcpp: 28.1.18 (/opt/ros/jazzy/share/rclcpp/cmake)
[1.122s] -- Found rosidl_generator_c: 4.6.7 (/opt/ros/jazzy/share/rosidl_generator_c/cmake)
[1.147s] -- Found rosidl_generator_cpp: 4.6.7 (/opt/ros/jazzy/share/rosidl_generator_cpp/cmake)
[1.177s] -- Using all available rosidl_typesupport_c: rosidl_typesupport_fastrtps_c;rosidl_typesupport_introspection_c
[1.213s] -- Using all available rosidl_typesupport_cpp: rosidl_typesupport_fastrtps_cpp;rosidl_typesupport_introspection_cpp
[1.396s] -- Found rmw_implementation_cmake: 7.3.3 (/opt/ros/jazzy/share/rmw_implementation_cmake/cmake)
[1.401s] -- Found rmw_fastrtps_cpp: 8.4.3 (/opt/ros/jazzy/share/rmw_fastrtps_cpp/cmake)
[1.653s] -- Using RMW implementation 'rmw_fastrtps_cpp' as default
[1.903s] -- Found std_msgs: 5.3.7 (/opt/ros/jazzy/share/std_msgs/cmake)
[1.958s] -- Found sensor_msgs: 5.3.7 (/opt/ros/jazzy/share/sensor_msgs/cmake)
[2.080s] -- Found tf2: 0.36.20 (/opt/ros/jazzy/share/tf2/cmake)
[2.092s] -- Found tf2_ros: 0.36.20 (/opt/ros/jazzy/share/tf2_ros/cmake)
[2.864s] -- Configuring done (2.7s)
[2.914s] -- Generating done (0.0s)
[2.940s] -- Build files have been written to: /home/taylor/Documents/robotics-testing-repo/imu_compass_ws/build/tm_imu
[3.110s] [ 12%] [32mBuilding CXX object CMakeFiles/imu_subscriber.dir/src/imu_subscriber.cpp.o[0m
[3.152s] [ 87%] Built target transducer_m_imu
[22.787s] [100%] [32m[1mLinking CXX executable imu_subscriber[0m
[23.624s] [100%] Built target imu_subscriber
[23.671s] Invoked command in '/home/taylor/Documents/robotics-testing-repo/imu_compass_ws/build/tm_imu' returned '0': CMAKE_PREFIX_PATH=${CMAKE_PREFIX_PATH}:/opt/ros/jazzy DEBUGINFOD_URLS=https://debuginfod.ubuntu.com /usr/bin/cmake --build /home/taylor/Documents/robotics-testing-repo/imu_compass_ws/build/tm_imu -- -j12 -l12
[23.701s] Invoking command in '/home/taylor/Documents/robotics-testing-repo/imu_compass_ws/build/tm_imu': CMAKE_PREFIX_PATH=${CMAKE_PREFIX_PATH}:/opt/ros/jazzy DEBUGINFOD_URLS=https://debuginfod.ubuntu.com /usr/bin/cmake --install /home/taylor/Documents/robotics-testing-repo/imu_compass_ws/build/tm_imu
[23.737s] -- Install configuration: ""
[23.737s] -- Up-to-date: /home/taylor/Documents/robotics-testing-repo/imu_compass_ws/install/tm_imu/lib/tm_imu/transducer_m_imu
[23.739s] -- Installing: /home/taylor/Documents/robotics-testing-repo/imu_compass_ws/install/tm_imu/lib/tm_imu/imu_subscriber
[23.750s] -- Set non-toolchain portion of runtime path of "/home/taylor/Documents/robotics-testing-repo/imu_compass_ws/install/tm_imu/lib/tm_imu/imu_subscriber" to ""
[23.751s] -- Up-to-date: /home/taylor/Documents/robotics-testing-repo/imu_compass_ws/install/tm_imu/share/tm_imu//launch
[23.752s] -- Up-to-date: /home/taylor/Documents/robotics-testing-repo/imu_compass_ws/install/tm_imu/share/tm_imu//launch/imu.launch.py
[23.753s] -- Up-to-date: /home/taylor/Documents/robotics-testing-repo/imu_compass_ws/install/tm_imu/share/tm_imu//config
[23.754s] -- Up-to-date: /home/taylor/Documents/robotics-testing-repo/imu_compass_ws/install/tm_imu/share/tm_imu//config/params.yaml
[23.757s] -- Up-to-date: /home/taylor/Documents/robotics-testing-repo/imu_compass_ws/install/tm_imu/share/ament_index/resource_index/package_run_dependencies/tm_imu
[23.763s] -- Up-to-date: /home/taylor/Documents/robotics-testing-repo/imu_compass_ws/install/tm_imu/share/ament_index/resource_index/parent_prefix_path/tm_imu
[23.766s] -- Up-to-date: /home/taylor/Documents/robotics-testing-repo/imu_compass_ws/install/tm_imu/share/tm_imu/environment/ament_prefix_path.sh
[23.768s] -- Up-to-date: /home/taylor/Documents/robotics-testing-repo/imu_compass_ws/install/tm_imu/share/tm_imu/environment/ament_prefix_path.dsv
[23.769s] -- Up-to-date: /home/taylor/Documents/robotics-testing-repo/imu_compass_ws/install/tm_imu/share/tm_imu/environment/path.sh
[23.771s] -- Up-to-date: /home/taylor/Documents/robotics-testing-repo/imu_compass_ws/install/tm_imu/share/tm_imu/environment/path.dsv
[23.772s] -- Up-to-date: /home/taylor/Documents/robotics-testing-repo/imu_compass_ws/install/tm_imu/share/tm_imu/local_setup.bash
[23.773s] -- Up-to-date: /home/taylor/Documents/robotics-testing-repo/imu_compass_ws/install/tm_imu/share/tm_imu/local_setup.sh
[23.774s] -- Up-to-date: /home/taylor/Documents/robotics-testing-repo/imu_compass_ws/install/tm_imu/share/tm_imu/local_setup.zsh
[23.776s] -- Up-to-date: /home/taylor/Documents/robotics-testing-repo/imu_compass_ws/install/tm_imu/share/tm_imu/local_setup.dsv
[23.778s] -- Installing: /home/taylor/Documents/robotics-testing-repo/imu_compass_ws/install/tm_imu/share/tm_imu/package.dsv
[23.780s] -- Up-to-date: /home/taylor/Documents/robotics-testing-repo/imu_compass_ws/install/tm_imu/share/ament_index/resource_index/packages/tm_imu
[23.784s] -- Up-to-date: /home/taylor/Documents/robotics-testing-repo/imu_compass_ws/install/tm_imu/share/tm_imu/cmake/tm_imuConfig.cmake
[23.791s] -- Up-to-date: /home/taylor/Documents/robotics-testing-repo/imu_compass_ws/install/tm_imu/share/tm_imu/cmake/tm_imuConfig-version.cmake
[23.793s] -- Up-to-date: /home/taylor/Documents/robotics-testing-repo/imu_compass_ws/install/tm_imu/share/tm_imu/package.xml
[23.794s] Invoked command in '/home/taylor/Documents/robotics-testing-repo/imu_compass_ws/build/tm_imu' returned '0': CMAKE_PREFIX_PATH=${CMAKE_PREFIX_PATH}:/opt/ros/jazzy DEBUGINFOD_URLS=https://debuginfod.ubuntu.com /usr/bin/cmake --install /home/taylor/Documents/robotics-testing-repo/imu_compass_ws/build/tm_imu
