[0.532s] DEBUG:colcon:Command line arguments: ['/usr/bin/colcon', 'build', '--packages-select', 'my_cpp_pkg']
[0.533s] DEBUG:colcon:Parsed command line arguments: Namespace(log_base=None, log_level=None, verb_name='build', build_base='build', install_base='install', merge_install=False, symlink_install=False, test_result_base=None, continue_on_error=False, executor='parallel', parallel_workers=2, event_handlers=None, ignore_user_meta=False, metas=['./colcon.meta'], base_paths=['.'], packages_ignore=None, packages_ignore_regex=None, paths=None, packages_up_to=None, packages_up_to_regex=None, packages_above=None, packages_above_and_dependencies=None, packages_above_depth=None, packages_select_by_dep=None, packages_skip_by_dep=None, packages_skip_up_to=None, packages_select_build_failed=False, packages_skip_build_finished=False, packages_select_test_failures=False, packages_skip_test_passed=False, packages_select=['my_cpp_pkg'], packages_skip=None, packages_select_regex=None, packages_skip_regex=None, packages_start=None, packages_end=None, allow_overriding=[], cmake_args=None, cmake_target=None, cmake_target_skip_unavailable=False, cmake_clean_cache=False, cmake_clean_first=False, cmake_force_configure=False, ament_cmake_args=None, catkin_cmake_args=None, catkin_skip_building_tests=False, mixin_files=None, mixin=None, verb_parser=<colcon_mixin.mixin.mixin_argument.MixinArgumentDecorator object at 0x783675268b80>, verb_extension=<colcon_core.verb.build.BuildVerb object at 0x783675361ab0>, main=<bound method BuildVerb.main of <colcon_core.verb.build.BuildVerb object at 0x783675361ab0>>, mixin_verb=('build',))
[1.138s] Level 1:colcon.colcon_core.package_discovery:discover_packages(colcon_meta) check parameters
[1.138s] Level 1:colcon.colcon_core.package_discovery:discover_packages(recursive) check parameters
[1.138s] Level 1:colcon.colcon_core.package_discovery:discover_packages(ignore) check parameters
[1.138s] Level 1:colcon.colcon_core.package_discovery:discover_packages(path) check parameters
[1.138s] Level 1:colcon.colcon_core.package_discovery:discover_packages(colcon_meta) discover
[1.138s] Level 1:colcon.colcon_core.package_discovery:discover_packages(recursive) discover
[1.138s] INFO:colcon.colcon_core.package_discovery:Crawling recursively for packages in '/home/taylor/Documents/robotics-testing-repo/scrb-introtask'
[1.139s] Level 1:colcon.colcon_core.package_identification:_identify(.) by extensions ['ignore', 'ignore_ament_install']
[1.139s] Level 1:colcon.colcon_core.package_identification:_identify(.) by extension 'ignore'
[1.139s] Level 1:colcon.colcon_core.package_identification:_identify(.) by extension 'ignore_ament_install'
[1.139s] Level 1:colcon.colcon_core.package_identification:_identify(.) by extensions ['colcon_pkg']
[1.139s] Level 1:colcon.colcon_core.package_identification:_identify(.) by extension 'colcon_pkg'
[1.139s] Level 1:colcon.colcon_core.package_identification:_identify(.) by extensions ['colcon_meta']
[1.140s] Level 1:colcon.colcon_core.package_identification:_identify(.) by extension 'colcon_meta'
[1.140s] Level 1:colcon.colcon_core.package_identification:_identify(.) by extensions ['ros']
[1.140s] Level 1:colcon.colcon_core.package_identification:_identify(.) by extension 'ros'
[1.169s] Level 1:colcon.colcon_core.package_identification:_identify(.) by extensions ['cmake', 'python']
[1.169s] Level 1:colcon.colcon_core.package_identification:_identify(.) by extension 'cmake'
[1.169s] Level 1:colcon.colcon_core.package_identification:_identify(.) by extension 'python'
[1.169s] Level 1:colcon.colcon_core.package_identification:_identify(.) by extensions ['python_setup_py']
[1.169s] Level 1:colcon.colcon_core.package_identification:_identify(.) by extension 'python_setup_py'
[1.169s] Level 1:colcon.colcon_core.package_identification:_identify(build) by extensions ['ignore', 'ignore_ament_install']
[1.170s] Level 1:colcon.colcon_core.package_identification:_identify(build) by extension 'ignore'
[1.170s] Level 1:colcon.colcon_core.package_identification:_identify(build) ignored
[1.170s] Level 1:colcon.colcon_core.package_identification:_identify(install) by extensions ['ignore', 'ignore_ament_install']
[1.170s] Level 1:colcon.colcon_core.package_identification:_identify(install) by extension 'ignore'
[1.170s] Level 1:colcon.colcon_core.package_identification:_identify(install) ignored
[1.171s] Level 1:colcon.colcon_core.package_identification:_identify(intro_py_pkg) by extensions ['ignore', 'ignore_ament_install']
[1.171s] Level 1:colcon.colcon_core.package_identification:_identify(intro_py_pkg) by extension 'ignore'
[1.172s] Level 1:colcon.colcon_core.package_identification:_identify(intro_py_pkg) by extension 'ignore_ament_install'
[1.172s] Level 1:colcon.colcon_core.package_identification:_identify(intro_py_pkg) by extensions ['colcon_pkg']
[1.172s] Level 1:colcon.colcon_core.package_identification:_identify(intro_py_pkg) by extension 'colcon_pkg'
[1.172s] Level 1:colcon.colcon_core.package_identification:_identify(intro_py_pkg) by extensions ['colcon_meta']
[1.172s] Level 1:colcon.colcon_core.package_identification:_identify(intro_py_pkg) by extension 'colcon_meta'
[1.172s] Level 1:colcon.colcon_core.package_identification:_identify(intro_py_pkg) by extensions ['ros']
[1.172s] Level 1:colcon.colcon_core.package_identification:_identify(intro_py_pkg) by extension 'ros'
[1.179s] DEBUG:colcon.colcon_core.package_identification:Package 'intro_py_pkg' with type 'ros.ament_python' and name 'intro_py_pkg'
[1.179s] Level 1:colcon.colcon_core.package_identification:_identify(log) by extensions ['ignore', 'ignore_ament_install']
[1.179s] Level 1:colcon.colcon_core.package_identification:_identify(log) by extension 'ignore'
[1.180s] Level 1:colcon.colcon_core.package_identification:_identify(log) ignored
[1.180s] Level 1:colcon.colcon_core.package_identification:_identify(my_cpp_pkg) by extensions ['ignore', 'ignore_ament_install']
[1.180s] Level 1:colcon.colcon_core.package_identification:_identify(my_cpp_pkg) by extension 'ignore'
[1.181s] Level 1:colcon.colcon_core.package_identification:_identify(my_cpp_pkg) by extension 'ignore_ament_install'
[1.181s] Level 1:colcon.colcon_core.package_identification:_identify(my_cpp_pkg) by extensions ['colcon_pkg']
[1.181s] Level 1:colcon.colcon_core.package_identification:_identify(my_cpp_pkg) by extension 'colcon_pkg'
[1.181s] Level 1:colcon.colcon_core.package_identification:_identify(my_cpp_pkg) by extensions ['colcon_meta']
[1.181s] Level 1:colcon.colcon_core.package_identification:_identify(my_cpp_pkg) by extension 'colcon_meta'
[1.181s] Level 1:colcon.colcon_core.package_identification:_identify(my_cpp_pkg) by extensions ['ros']
[1.181s] Level 1:colcon.colcon_core.package_identification:_identify(my_cpp_pkg) by extension 'ros'
[1.183s] DEBUG:colcon.colcon_core.package_identification:Package 'my_cpp_pkg' with type 'ros.ament_cmake' and name 'my_cpp_pkg'
[1.183s] Level 1:colcon.colcon_core.package_discovery:discover_packages(recursive) using defaults
[1.183s] Level 1:colcon.colcon_core.package_discovery:discover_packages(ignore) discover
[1.183s] Level 1:colcon.colcon_core.package_discovery:discover_packages(ignore) using defaults
[1.183s] Level 1:colcon.colcon_core.package_discovery:discover_packages(path) discover
[1.184s] Level 1:colcon.colcon_core.package_discovery:discover_packages(path) using defaults
[1.257s] INFO:colcon.colcon_core.package_selection:Skipping not selected package 'intro_py_pkg' in 'intro_py_pkg'
[1.259s] Level 1:colcon.colcon_core.package_discovery:discover_packages(prefix_path) check parameters
[1.259s] Level 1:colcon.colcon_core.package_discovery:discover_packages(prefix_path) discover
[1.269s] DEBUG:colcon.colcon_installed_package_information.package_discovery:Found 273 installed packages in /opt/ros/humble
[1.271s] Level 1:colcon.colcon_core.package_discovery:discover_packages(prefix_path) using defaults
[1.433s] Level 5:colcon.colcon_core.verb:set package 'my_cpp_pkg' build argument 'cmake_args' from command line to 'None'
[1.433s] Level 5:colcon.colcon_core.verb:set package 'my_cpp_pkg' build argument 'cmake_target' from command line to 'None'
[1.433s] Level 5:colcon.colcon_core.verb:set package 'my_cpp_pkg' build argument 'cmake_target_skip_unavailable' from command line to 'False'
[1.433s] Level 5:colcon.colcon_core.verb:set package 'my_cpp_pkg' build argument 'cmake_clean_cache' from command line to 'False'
[1.433s] Level 5:colcon.colcon_core.verb:set package 'my_cpp_pkg' build argument 'cmake_clean_first' from command line to 'False'
[1.433s] Level 5:colcon.colcon_core.verb:set package 'my_cpp_pkg' build argument 'cmake_force_configure' from command line to 'False'
[1.433s] Level 5:colcon.colcon_core.verb:set package 'my_cpp_pkg' build argument 'ament_cmake_args' from command line to 'None'
[1.433s] Level 5:colcon.colcon_core.verb:set package 'my_cpp_pkg' build argument 'catkin_cmake_args' from command line to 'None'
[1.434s] Level 5:colcon.colcon_core.verb:set package 'my_cpp_pkg' build argument 'catkin_skip_building_tests' from command line to 'False'
[1.434s] DEBUG:colcon.colcon_core.verb:Building package 'my_cpp_pkg' with the following arguments: {'ament_cmake_args': None, 'build_base': '/home/taylor/Documents/robotics-testing-repo/scrb-introtask/build/my_cpp_pkg', 'catkin_cmake_args': None, 'catkin_skip_building_tests': False, 'cmake_args': None, 'cmake_clean_cache': False, 'cmake_clean_first': False, 'cmake_force_configure': False, 'cmake_target': None, 'cmake_target_skip_unavailable': False, 'install_base': '/home/taylor/Documents/robotics-testing-repo/scrb-introtask/install/my_cpp_pkg', 'merge_install': False, 'path': '/home/taylor/Documents/robotics-testing-repo/scrb-introtask/my_cpp_pkg', 'symlink_install': False, 'test_result_base': None}
[1.434s] INFO:colcon.colcon_core.executor:Executing jobs using 'parallel' executor
[1.436s] DEBUG:colcon.colcon_parallel_executor.executor.parallel:run_until_complete
[1.436s] INFO:colcon.colcon_ros.task.ament_cmake.build:Building ROS package in '/home/taylor/Documents/robotics-testing-repo/scrb-introtask/my_cpp_pkg' with build type 'ament_cmake'
[1.437s] INFO:colcon.colcon_cmake.task.cmake.build:Building CMake package in '/home/taylor/Documents/robotics-testing-repo/scrb-introtask/my_cpp_pkg'
[1.446s] INFO:colcon.colcon_core.plugin_system:Skipping extension 'colcon_core.shell.bat': Not used on non-Windows systems
[1.447s] INFO:colcon.colcon_core.shell:Skip shell extension 'powershell' for command environment: Not usable outside of PowerShell
[1.447s] DEBUG:colcon.colcon_core.shell:Skip shell extension 'dsv' for command environment
[1.463s] DEBUG:colcon.colcon_core.event_handler.log_command:Invoking command in '/home/taylor/Documents/robotics-testing-repo/scrb-introtask/build/my_cpp_pkg': CMAKE_PREFIX_PATH=/opt/ros/humble /usr/bin/cmake --build /home/taylor/Documents/robotics-testing-repo/scrb-introtask/build/my_cpp_pkg -- -j2 -l2
[19.609s] DEBUG:colcon.colcon_core.event_handler.log_command:Invoked command in '/home/taylor/Documents/robotics-testing-repo/scrb-introtask/build/my_cpp_pkg' returned '0': CMAKE_PREFIX_PATH=/opt/ros/humble /usr/bin/cmake --build /home/taylor/Documents/robotics-testing-repo/scrb-introtask/build/my_cpp_pkg -- -j2 -l2
[19.632s] DEBUG:colcon.colcon_core.event_handler.log_command:Invoking command in '/home/taylor/Documents/robotics-testing-repo/scrb-introtask/build/my_cpp_pkg': CMAKE_PREFIX_PATH=/opt/ros/humble /usr/bin/cmake --install /home/taylor/Documents/robotics-testing-repo/scrb-introtask/build/my_cpp_pkg
[19.685s] Level 1:colcon.colcon_core.environment:create_environment_scripts_only(my_cpp_pkg)
[19.687s] DEBUG:colcon.colcon_core.event_handler.log_command:Invoked command in '/home/taylor/Documents/robotics-testing-repo/scrb-introtask/build/my_cpp_pkg' returned '0': CMAKE_PREFIX_PATH=/opt/ros/humble /usr/bin/cmake --install /home/taylor/Documents/robotics-testing-repo/scrb-introtask/build/my_cpp_pkg
[19.691s] Level 1:colcon.colcon_core.environment:checking '/home/taylor/Documents/robotics-testing-repo/scrb-introtask/install/my_cpp_pkg' for CMake module files
[19.693s] Level 1:colcon.colcon_core.environment:checking '/home/taylor/Documents/robotics-testing-repo/scrb-introtask/install/my_cpp_pkg' for CMake config files
[19.693s] Level 1:colcon.colcon_core.shell:create_environment_hook('my_cpp_pkg', 'cmake_prefix_path')
[19.694s] INFO:colcon.colcon_core.shell:Creating environment hook '/home/taylor/Documents/robotics-testing-repo/scrb-introtask/install/my_cpp_pkg/share/my_cpp_pkg/hook/cmake_prefix_path.ps1'
[19.695s] INFO:colcon.colcon_core.shell:Creating environment descriptor '/home/taylor/Documents/robotics-testing-repo/scrb-introtask/install/my_cpp_pkg/share/my_cpp_pkg/hook/cmake_prefix_path.dsv'
[19.696s] INFO:colcon.colcon_core.shell:Creating environment hook '/home/taylor/Documents/robotics-testing-repo/scrb-introtask/install/my_cpp_pkg/share/my_cpp_pkg/hook/cmake_prefix_path.sh'
[19.698s] Level 1:colcon.colcon_core.environment:checking '/home/taylor/Documents/robotics-testing-repo/scrb-introtask/install/my_cpp_pkg/lib'
[19.698s] Level 1:colcon.colcon_core.environment:checking '/home/taylor/Documents/robotics-testing-repo/scrb-introtask/install/my_cpp_pkg/bin'
[19.699s] Level 1:colcon.colcon_core.environment:checking '/home/taylor/Documents/robotics-testing-repo/scrb-introtask/install/my_cpp_pkg/lib/pkgconfig/my_cpp_pkg.pc'
[19.699s] Level 1:colcon.colcon_core.environment:checking '/home/taylor/Documents/robotics-testing-repo/scrb-introtask/install/my_cpp_pkg/lib/python3.10/site-packages'
[19.700s] Level 1:colcon.colcon_core.environment:checking '/home/taylor/Documents/robotics-testing-repo/scrb-introtask/install/my_cpp_pkg/bin'
[19.700s] INFO:colcon.colcon_core.shell:Creating package script '/home/taylor/Documents/robotics-testing-repo/scrb-introtask/install/my_cpp_pkg/share/my_cpp_pkg/package.ps1'
[19.703s] INFO:colcon.colcon_core.shell:Creating package descriptor '/home/taylor/Documents/robotics-testing-repo/scrb-introtask/install/my_cpp_pkg/share/my_cpp_pkg/package.dsv'
[19.704s] INFO:colcon.colcon_core.shell:Creating package script '/home/taylor/Documents/robotics-testing-repo/scrb-introtask/install/my_cpp_pkg/share/my_cpp_pkg/package.sh'
[19.705s] INFO:colcon.colcon_core.shell:Creating package script '/home/taylor/Documents/robotics-testing-repo/scrb-introtask/install/my_cpp_pkg/share/my_cpp_pkg/package.bash'
[19.707s] INFO:colcon.colcon_core.shell:Creating package script '/home/taylor/Documents/robotics-testing-repo/scrb-introtask/install/my_cpp_pkg/share/my_cpp_pkg/package.zsh'
[19.709s] Level 1:colcon.colcon_core.environment:create_file_with_runtime_dependencies(/home/taylor/Documents/robotics-testing-repo/scrb-introtask/install/my_cpp_pkg/share/colcon-core/packages/my_cpp_pkg)
[19.710s] Level 1:colcon.colcon_core.environment:create_environment_scripts_only(my_cpp_pkg)
[19.711s] Level 1:colcon.colcon_core.environment:checking '/home/taylor/Documents/robotics-testing-repo/scrb-introtask/install/my_cpp_pkg' for CMake module files
[19.711s] Level 1:colcon.colcon_core.environment:checking '/home/taylor/Documents/robotics-testing-repo/scrb-introtask/install/my_cpp_pkg' for CMake config files
[19.712s] Level 1:colcon.colcon_core.shell:create_environment_hook('my_cpp_pkg', 'cmake_prefix_path')
[19.713s] INFO:colcon.colcon_core.shell:Creating environment hook '/home/taylor/Documents/robotics-testing-repo/scrb-introtask/install/my_cpp_pkg/share/my_cpp_pkg/hook/cmake_prefix_path.ps1'
[19.714s] INFO:colcon.colcon_core.shell:Creating environment descriptor '/home/taylor/Documents/robotics-testing-repo/scrb-introtask/install/my_cpp_pkg/share/my_cpp_pkg/hook/cmake_prefix_path.dsv'
[19.715s] INFO:colcon.colcon_core.shell:Creating environment hook '/home/taylor/Documents/robotics-testing-repo/scrb-introtask/install/my_cpp_pkg/share/my_cpp_pkg/hook/cmake_prefix_path.sh'
[19.716s] Level 1:colcon.colcon_core.environment:checking '/home/taylor/Documents/robotics-testing-repo/scrb-introtask/install/my_cpp_pkg/lib'
[19.716s] Level 1:colcon.colcon_core.environment:checking '/home/taylor/Documents/robotics-testing-repo/scrb-introtask/install/my_cpp_pkg/bin'
[19.716s] Level 1:colcon.colcon_core.environment:checking '/home/taylor/Documents/robotics-testing-repo/scrb-introtask/install/my_cpp_pkg/lib/pkgconfig/my_cpp_pkg.pc'
[19.717s] Level 1:colcon.colcon_core.environment:checking '/home/taylor/Documents/robotics-testing-repo/scrb-introtask/install/my_cpp_pkg/lib/python3.10/site-packages'
[19.717s] Level 1:colcon.colcon_core.environment:checking '/home/taylor/Documents/robotics-testing-repo/scrb-introtask/install/my_cpp_pkg/bin'
[19.718s] INFO:colcon.colcon_core.shell:Creating package script '/home/taylor/Documents/robotics-testing-repo/scrb-introtask/install/my_cpp_pkg/share/my_cpp_pkg/package.ps1'
[19.720s] INFO:colcon.colcon_core.shell:Creating package descriptor '/home/taylor/Documents/robotics-testing-repo/scrb-introtask/install/my_cpp_pkg/share/my_cpp_pkg/package.dsv'
[19.721s] INFO:colcon.colcon_core.shell:Creating package script '/home/taylor/Documents/robotics-testing-repo/scrb-introtask/install/my_cpp_pkg/share/my_cpp_pkg/package.sh'
[19.722s] INFO:colcon.colcon_core.shell:Creating package script '/home/taylor/Documents/robotics-testing-repo/scrb-introtask/install/my_cpp_pkg/share/my_cpp_pkg/package.bash'
[19.723s] INFO:colcon.colcon_core.shell:Creating package script '/home/taylor/Documents/robotics-testing-repo/scrb-introtask/install/my_cpp_pkg/share/my_cpp_pkg/package.zsh'
[19.724s] Level 1:colcon.colcon_core.environment:create_file_with_runtime_dependencies(/home/taylor/Documents/robotics-testing-repo/scrb-introtask/install/my_cpp_pkg/share/colcon-core/packages/my_cpp_pkg)
[19.725s] DEBUG:colcon.colcon_parallel_executor.executor.parallel:closing loop
[19.726s] DEBUG:colcon.colcon_parallel_executor.executor.parallel:loop closed
[19.726s] DEBUG:colcon.colcon_parallel_executor.executor.parallel:run_until_complete finished with '0'
[19.726s] DEBUG:colcon.colcon_core.event_reactor:joining thread
[19.728s] DEBUG:colcon.colcon_core.event_reactor:joined thread
[19.729s] INFO:colcon.colcon_core.shell:Creating prefix script '/home/taylor/Documents/robotics-testing-repo/scrb-introtask/install/local_setup.ps1'
[19.731s] INFO:colcon.colcon_core.shell:Creating prefix util module '/home/taylor/Documents/robotics-testing-repo/scrb-introtask/install/_local_setup_util_ps1.py'
[19.734s] INFO:colcon.colcon_core.shell:Creating prefix chain script '/home/taylor/Documents/robotics-testing-repo/scrb-introtask/install/setup.ps1'
[19.736s] INFO:colcon.colcon_core.shell:Creating prefix script '/home/taylor/Documents/robotics-testing-repo/scrb-introtask/install/local_setup.sh'
[19.738s] INFO:colcon.colcon_core.shell:Creating prefix util module '/home/taylor/Documents/robotics-testing-repo/scrb-introtask/install/_local_setup_util_sh.py'
[19.739s] INFO:colcon.colcon_core.shell:Creating prefix chain script '/home/taylor/Documents/robotics-testing-repo/scrb-introtask/install/setup.sh'
[19.741s] INFO:colcon.colcon_core.shell:Creating prefix script '/home/taylor/Documents/robotics-testing-repo/scrb-introtask/install/local_setup.bash'
[19.742s] INFO:colcon.colcon_core.shell:Creating prefix chain script '/home/taylor/Documents/robotics-testing-repo/scrb-introtask/install/setup.bash'
[19.744s] INFO:colcon.colcon_core.shell:Creating prefix script '/home/taylor/Documents/robotics-testing-repo/scrb-introtask/install/local_setup.zsh'
[19.745s] INFO:colcon.colcon_core.shell:Creating prefix chain script '/home/taylor/Documents/robotics-testing-repo/scrb-introtask/install/setup.zsh'
