[0.585s] DEBUG:colcon:Command line arguments: ['/usr/bin/colcon', 'build']
[0.585s] DEBUG:colcon:Parsed command line arguments: Namespace(log_base=None, log_level=None, verb_name='build', build_base='build', install_base='install', merge_install=False, symlink_install=False, test_result_base=None, continue_on_error=False, executor='parallel', parallel_workers=12, event_handlers=None, ignore_user_meta=False, metas=['./colcon.meta'], base_paths=['.'], packages_ignore=None, packages_ignore_regex=None, paths=None, packages_up_to=None, packages_up_to_regex=None, packages_above=None, packages_above_and_dependencies=None, packages_above_depth=None, packages_select_by_dep=None, packages_skip_by_dep=None, packages_skip_up_to=None, packages_select_build_failed=False, packages_skip_build_finished=False, packages_select_test_failures=False, packages_skip_test_passed=False, packages_select=None, packages_skip=None, packages_select_regex=None, packages_skip_regex=None, packages_start=None, packages_end=None, allow_overriding=[], cmake_args=None, cmake_target=None, cmake_target_skip_unavailable=False, cmake_clean_cache=False, cmake_clean_first=False, cmake_force_configure=False, ament_cmake_args=None, catkin_cmake_args=None, catkin_skip_building_tests=False, mixin_files=None, mixin=None, verb_parser=<colcon_mixin.mixin.mixin_argument.MixinArgumentDecorator object at 0x7124956fe630>, verb_extension=<colcon_core.verb.build.BuildVerb object at 0x712495633f20>, main=<bound method BuildVerb.main of <colcon_core.verb.build.BuildVerb object at 0x712495633f20>>, mixin_verb=('build',))
[0.658s] Level 1:colcon.colcon_core.package_discovery:discover_packages(colcon_meta) check parameters
[0.658s] Level 1:colcon.colcon_core.package_discovery:discover_packages(recursive) check parameters
[0.658s] Level 1:colcon.colcon_core.package_discovery:discover_packages(ignore) check parameters
[0.658s] Level 1:colcon.colcon_core.package_discovery:discover_packages(path) check parameters
[0.658s] Level 1:colcon.colcon_core.package_discovery:discover_packages(colcon_meta) discover
[0.658s] Level 1:colcon.colcon_core.package_discovery:discover_packages(recursive) discover
[0.658s] INFO:colcon.colcon_core.package_discovery:Crawling recursively for packages in '/home/taylor/Documents/robotics-testing-repo/imu_compass_ws'
[0.659s] Level 1:colcon.colcon_core.package_identification:_identify(.) by extensions ['ignore', 'ignore_ament_install']
[0.659s] Level 1:colcon.colcon_core.package_identification:_identify(.) by extension 'ignore'
[0.659s] Level 1:colcon.colcon_core.package_identification:_identify(.) by extension 'ignore_ament_install'
[0.659s] Level 1:colcon.colcon_core.package_identification:_identify(.) by extensions ['colcon_pkg']
[0.659s] Level 1:colcon.colcon_core.package_identification:_identify(.) by extension 'colcon_pkg'
[0.659s] Level 1:colcon.colcon_core.package_identification:_identify(.) by extensions ['colcon_meta']
[0.659s] Level 1:colcon.colcon_core.package_identification:_identify(.) by extension 'colcon_meta'
[0.659s] Level 1:colcon.colcon_core.package_identification:_identify(.) by extensions ['ros']
[0.659s] Level 1:colcon.colcon_core.package_identification:_identify(.) by extension 'ros'
[0.716s] Level 1:colcon.colcon_core.package_identification:_identify(.) by extensions ['cmake', 'python']
[0.716s] Level 1:colcon.colcon_core.package_identification:_identify(.) by extension 'cmake'
[0.717s] Level 1:colcon.colcon_core.package_identification:_identify(.) by extension 'python'
[0.717s] Level 1:colcon.colcon_core.package_identification:_identify(.) by extensions ['python_setup_py']
[0.717s] Level 1:colcon.colcon_core.package_identification:_identify(.) by extension 'python_setup_py'
[0.717s] Level 1:colcon.colcon_core.package_identification:_identify(build) by extensions ['ignore', 'ignore_ament_install']
[0.717s] Level 1:colcon.colcon_core.package_identification:_identify(build) by extension 'ignore'
[0.717s] Level 1:colcon.colcon_core.package_identification:_identify(build) ignored
[0.718s] Level 1:colcon.colcon_core.package_identification:_identify(install) by extensions ['ignore', 'ignore_ament_install']
[0.718s] Level 1:colcon.colcon_core.package_identification:_identify(install) by extension 'ignore'
[0.718s] Level 1:colcon.colcon_core.package_identification:_identify(install) ignored
[0.718s] Level 1:colcon.colcon_core.package_identification:_identify(log) by extensions ['ignore', 'ignore_ament_install']
[0.718s] Level 1:colcon.colcon_core.package_identification:_identify(log) by extension 'ignore'
[0.718s] Level 1:colcon.colcon_core.package_identification:_identify(log) ignored
[0.718s] Level 1:colcon.colcon_core.package_identification:_identify(src) by extensions ['ignore', 'ignore_ament_install']
[0.719s] Level 1:colcon.colcon_core.package_identification:_identify(src) by extension 'ignore'
[0.719s] Level 1:colcon.colcon_core.package_identification:_identify(src) by extension 'ignore_ament_install'
[0.719s] Level 1:colcon.colcon_core.package_identification:_identify(src) by extensions ['colcon_pkg']
[0.719s] Level 1:colcon.colcon_core.package_identification:_identify(src) by extension 'colcon_pkg'
[0.719s] Level 1:colcon.colcon_core.package_identification:_identify(src) by extensions ['colcon_meta']
[0.719s] Level 1:colcon.colcon_core.package_identification:_identify(src) by extension 'colcon_meta'
[0.719s] Level 1:colcon.colcon_core.package_identification:_identify(src) by extensions ['ros']
[0.719s] Level 1:colcon.colcon_core.package_identification:_identify(src) by extension 'ros'
[0.719s] Level 1:colcon.colcon_core.package_identification:_identify(src) by extensions ['cmake', 'python']
[0.719s] Level 1:colcon.colcon_core.package_identification:_identify(src) by extension 'cmake'
[0.719s] Level 1:colcon.colcon_core.package_identification:_identify(src) by extension 'python'
[0.719s] Level 1:colcon.colcon_core.package_identification:_identify(src) by extensions ['python_setup_py']
[0.719s] Level 1:colcon.colcon_core.package_identification:_identify(src) by extension 'python_setup_py'
[0.720s] Level 1:colcon.colcon_core.package_identification:_identify(src/transducer-imu) by extensions ['ignore', 'ignore_ament_install']
[0.720s] Level 1:colcon.colcon_core.package_identification:_identify(src/transducer-imu) by extension 'ignore'
[0.720s] Level 1:colcon.colcon_core.package_identification:_identify(src/transducer-imu) by extension 'ignore_ament_install'
[0.720s] Level 1:colcon.colcon_core.package_identification:_identify(src/transducer-imu) by extensions ['colcon_pkg']
[0.720s] Level 1:colcon.colcon_core.package_identification:_identify(src/transducer-imu) by extension 'colcon_pkg'
[0.720s] Level 1:colcon.colcon_core.package_identification:_identify(src/transducer-imu) by extensions ['colcon_meta']
[0.720s] Level 1:colcon.colcon_core.package_identification:_identify(src/transducer-imu) by extension 'colcon_meta'
[0.720s] Level 1:colcon.colcon_core.package_identification:_identify(src/transducer-imu) by extensions ['ros']
[0.720s] Level 1:colcon.colcon_core.package_identification:_identify(src/transducer-imu) by extension 'ros'
[0.728s] DEBUG:colcon.colcon_core.package_identification:Package 'src/transducer-imu' with type 'ros.ament_cmake' and name 'tm_imu'
[0.728s] Level 1:colcon.colcon_core.package_discovery:discover_packages(recursive) using defaults
[0.728s] Level 1:colcon.colcon_core.package_discovery:discover_packages(ignore) discover
[0.728s] Level 1:colcon.colcon_core.package_discovery:discover_packages(ignore) using defaults
[0.728s] Level 1:colcon.colcon_core.package_discovery:discover_packages(path) discover
[0.728s] Level 1:colcon.colcon_core.package_discovery:discover_packages(path) using defaults
[0.764s] Level 1:colcon.colcon_core.package_discovery:discover_packages(prefix_path) check parameters
[0.764s] Level 1:colcon.colcon_core.package_discovery:discover_packages(prefix_path) discover
[0.772s] DEBUG:colcon.colcon_installed_package_information.package_discovery:Found 287 installed packages in /opt/ros/jazzy
[0.773s] Level 1:colcon.colcon_core.package_discovery:discover_packages(prefix_path) using defaults
[0.845s] Level 5:colcon.colcon_core.verb:set package 'tm_imu' build argument 'cmake_args' from command line to 'None'
[0.845s] Level 5:colcon.colcon_core.verb:set package 'tm_imu' build argument 'cmake_target' from command line to 'None'
[0.845s] Level 5:colcon.colcon_core.verb:set package 'tm_imu' build argument 'cmake_target_skip_unavailable' from command line to 'False'
[0.845s] Level 5:colcon.colcon_core.verb:set package 'tm_imu' build argument 'cmake_clean_cache' from command line to 'False'
[0.845s] Level 5:colcon.colcon_core.verb:set package 'tm_imu' build argument 'cmake_clean_first' from command line to 'False'
[0.845s] Level 5:colcon.colcon_core.verb:set package 'tm_imu' build argument 'cmake_force_configure' from command line to 'False'
[0.845s] Level 5:colcon.colcon_core.verb:set package 'tm_imu' build argument 'ament_cmake_args' from command line to 'None'
[0.845s] Level 5:colcon.colcon_core.verb:set package 'tm_imu' build argument 'catkin_cmake_args' from command line to 'None'
[0.845s] Level 5:colcon.colcon_core.verb:set package 'tm_imu' build argument 'catkin_skip_building_tests' from command line to 'False'
[0.846s] DEBUG:colcon.colcon_core.verb:Building package 'tm_imu' with the following arguments: {'ament_cmake_args': None, 'build_base': '/home/taylor/Documents/robotics-testing-repo/imu_compass_ws/build/tm_imu', 'catkin_cmake_args': None, 'catkin_skip_building_tests': False, 'cmake_args': None, 'cmake_clean_cache': False, 'cmake_clean_first': False, 'cmake_force_configure': False, 'cmake_target': None, 'cmake_target_skip_unavailable': False, 'install_base': '/home/taylor/Documents/robotics-testing-repo/imu_compass_ws/install/tm_imu', 'merge_install': False, 'path': '/home/taylor/Documents/robotics-testing-repo/imu_compass_ws/src/transducer-imu', 'symlink_install': False, 'test_result_base': None}
[0.846s] INFO:colcon.colcon_core.executor:Executing jobs using 'parallel' executor
[0.848s] DEBUG:colcon.colcon_parallel_executor.executor.parallel:run_until_complete
[0.848s] INFO:colcon.colcon_ros.task.ament_cmake.build:Building ROS package in '/home/taylor/Documents/robotics-testing-repo/imu_compass_ws/src/transducer-imu' with build type 'ament_cmake'
[0.849s] INFO:colcon.colcon_cmake.task.cmake.build:Building CMake package in '/home/taylor/Documents/robotics-testing-repo/imu_compass_ws/src/transducer-imu'
[0.863s] INFO:colcon.colcon_core.plugin_system:Skipping extension 'colcon_core.shell.bat': Not used on non-Windows systems
[0.863s] INFO:colcon.colcon_core.shell:Skip shell extension 'powershell' for command environment: Not usable outside of PowerShell
[0.863s] DEBUG:colcon.colcon_core.shell:Skip shell extension 'dsv' for command environment
[0.887s] DEBUG:colcon.colcon_core.event_handler.log_command:Invoking command in '/home/taylor/Documents/robotics-testing-repo/imu_compass_ws/build/tm_imu': CMAKE_PREFIX_PATH=${CMAKE_PREFIX_PATH}:/opt/ros/jazzy DEBUGINFOD_URLS=https://debuginfod.ubuntu.com /usr/bin/cmake --build /home/taylor/Documents/robotics-testing-repo/imu_compass_ws/build/tm_imu -- -j12 -l12
[1.171s] DEBUG:colcon.colcon_core.event_handler.log_command:Invoked command in '/home/taylor/Documents/robotics-testing-repo/imu_compass_ws/build/tm_imu' returned '0': CMAKE_PREFIX_PATH=${CMAKE_PREFIX_PATH}:/opt/ros/jazzy DEBUGINFOD_URLS=https://debuginfod.ubuntu.com /usr/bin/cmake --build /home/taylor/Documents/robotics-testing-repo/imu_compass_ws/build/tm_imu -- -j12 -l12
[1.219s] DEBUG:colcon.colcon_core.event_handler.log_command:Invoking command in '/home/taylor/Documents/robotics-testing-repo/imu_compass_ws/build/tm_imu': CMAKE_PREFIX_PATH=${CMAKE_PREFIX_PATH}:/opt/ros/jazzy DEBUGINFOD_URLS=https://debuginfod.ubuntu.com /usr/bin/cmake --install /home/taylor/Documents/robotics-testing-repo/imu_compass_ws/build/tm_imu
[1.269s] Level 1:colcon.colcon_core.environment:create_environment_scripts_only(tm_imu)
[1.275s] DEBUG:colcon.colcon_core.event_handler.log_command:Invoked command in '/home/taylor/Documents/robotics-testing-repo/imu_compass_ws/build/tm_imu' returned '0': CMAKE_PREFIX_PATH=${CMAKE_PREFIX_PATH}:/opt/ros/jazzy DEBUGINFOD_URLS=https://debuginfod.ubuntu.com /usr/bin/cmake --install /home/taylor/Documents/robotics-testing-repo/imu_compass_ws/build/tm_imu
[1.297s] Level 1:colcon.colcon_core.environment:checking '/home/taylor/Documents/robotics-testing-repo/imu_compass_ws/install/tm_imu' for CMake module files
[1.302s] Level 1:colcon.colcon_core.environment:checking '/home/taylor/Documents/robotics-testing-repo/imu_compass_ws/install/tm_imu' for CMake config files
[1.304s] Level 1:colcon.colcon_core.shell:create_environment_hook('tm_imu', 'cmake_prefix_path')
[1.306s] INFO:colcon.colcon_core.shell:Creating environment hook '/home/taylor/Documents/robotics-testing-repo/imu_compass_ws/install/tm_imu/share/tm_imu/hook/cmake_prefix_path.ps1'
[1.310s] INFO:colcon.colcon_core.shell:Creating environment descriptor '/home/taylor/Documents/robotics-testing-repo/imu_compass_ws/install/tm_imu/share/tm_imu/hook/cmake_prefix_path.dsv'
[1.312s] INFO:colcon.colcon_core.shell:Creating environment hook '/home/taylor/Documents/robotics-testing-repo/imu_compass_ws/install/tm_imu/share/tm_imu/hook/cmake_prefix_path.sh'
[1.316s] Level 1:colcon.colcon_core.environment:checking '/home/taylor/Documents/robotics-testing-repo/imu_compass_ws/install/tm_imu/lib'
[1.317s] Level 1:colcon.colcon_core.environment:checking '/home/taylor/Documents/robotics-testing-repo/imu_compass_ws/install/tm_imu/bin'
[1.318s] Level 1:colcon.colcon_core.environment:checking '/home/taylor/Documents/robotics-testing-repo/imu_compass_ws/install/tm_imu/lib/pkgconfig/tm_imu.pc'
[1.319s] Level 1:colcon.colcon_core.environment:checking '/home/taylor/Documents/robotics-testing-repo/imu_compass_ws/install/tm_imu/lib/python3.12/site-packages'
[1.321s] Level 1:colcon.colcon_core.environment:checking '/home/taylor/Documents/robotics-testing-repo/imu_compass_ws/install/tm_imu/bin'
[1.323s] INFO:colcon.colcon_core.shell:Creating package script '/home/taylor/Documents/robotics-testing-repo/imu_compass_ws/install/tm_imu/share/tm_imu/package.ps1'
[1.328s] INFO:colcon.colcon_core.shell:Creating package descriptor '/home/taylor/Documents/robotics-testing-repo/imu_compass_ws/install/tm_imu/share/tm_imu/package.dsv'
[1.331s] INFO:colcon.colcon_core.shell:Creating package script '/home/taylor/Documents/robotics-testing-repo/imu_compass_ws/install/tm_imu/share/tm_imu/package.sh'
[1.335s] INFO:colcon.colcon_core.shell:Creating package script '/home/taylor/Documents/robotics-testing-repo/imu_compass_ws/install/tm_imu/share/tm_imu/package.bash'
[1.337s] INFO:colcon.colcon_core.shell:Creating package script '/home/taylor/Documents/robotics-testing-repo/imu_compass_ws/install/tm_imu/share/tm_imu/package.zsh'
[1.340s] Level 1:colcon.colcon_core.environment:create_file_with_runtime_dependencies(/home/taylor/Documents/robotics-testing-repo/imu_compass_ws/install/tm_imu/share/colcon-core/packages/tm_imu)
[1.344s] Level 1:colcon.colcon_core.environment:create_environment_scripts_only(tm_imu)
[1.348s] Level 1:colcon.colcon_core.environment:checking '/home/taylor/Documents/robotics-testing-repo/imu_compass_ws/install/tm_imu' for CMake module files
[1.351s] Level 1:colcon.colcon_core.environment:checking '/home/taylor/Documents/robotics-testing-repo/imu_compass_ws/install/tm_imu' for CMake config files
[1.352s] Level 1:colcon.colcon_core.shell:create_environment_hook('tm_imu', 'cmake_prefix_path')
[1.354s] INFO:colcon.colcon_core.shell:Creating environment hook '/home/taylor/Documents/robotics-testing-repo/imu_compass_ws/install/tm_imu/share/tm_imu/hook/cmake_prefix_path.ps1'
[1.358s] INFO:colcon.colcon_core.shell:Creating environment descriptor '/home/taylor/Documents/robotics-testing-repo/imu_compass_ws/install/tm_imu/share/tm_imu/hook/cmake_prefix_path.dsv'
[1.361s] INFO:colcon.colcon_core.shell:Creating environment hook '/home/taylor/Documents/robotics-testing-repo/imu_compass_ws/install/tm_imu/share/tm_imu/hook/cmake_prefix_path.sh'
[1.367s] Level 1:colcon.colcon_core.environment:checking '/home/taylor/Documents/robotics-testing-repo/imu_compass_ws/install/tm_imu/lib'
[1.368s] Level 1:colcon.colcon_core.environment:checking '/home/taylor/Documents/robotics-testing-repo/imu_compass_ws/install/tm_imu/bin'
[1.368s] Level 1:colcon.colcon_core.environment:checking '/home/taylor/Documents/robotics-testing-repo/imu_compass_ws/install/tm_imu/lib/pkgconfig/tm_imu.pc'
[1.369s] Level 1:colcon.colcon_core.environment:checking '/home/taylor/Documents/robotics-testing-repo/imu_compass_ws/install/tm_imu/lib/python3.12/site-packages'
[1.374s] Level 1:colcon.colcon_core.environment:checking '/home/taylor/Documents/robotics-testing-repo/imu_compass_ws/install/tm_imu/bin'
[1.375s] INFO:colcon.colcon_core.shell:Creating package script '/home/taylor/Documents/robotics-testing-repo/imu_compass_ws/install/tm_imu/share/tm_imu/package.ps1'
[1.380s] INFO:colcon.colcon_core.shell:Creating package descriptor '/home/taylor/Documents/robotics-testing-repo/imu_compass_ws/install/tm_imu/share/tm_imu/package.dsv'
[1.383s] INFO:colcon.colcon_core.shell:Creating package script '/home/taylor/Documents/robotics-testing-repo/imu_compass_ws/install/tm_imu/share/tm_imu/package.sh'
[1.386s] INFO:colcon.colcon_core.shell:Creating package script '/home/taylor/Documents/robotics-testing-repo/imu_compass_ws/install/tm_imu/share/tm_imu/package.bash'
[1.388s] INFO:colcon.colcon_core.shell:Creating package script '/home/taylor/Documents/robotics-testing-repo/imu_compass_ws/install/tm_imu/share/tm_imu/package.zsh'
[1.391s] Level 1:colcon.colcon_core.environment:create_file_with_runtime_dependencies(/home/taylor/Documents/robotics-testing-repo/imu_compass_ws/install/tm_imu/share/colcon-core/packages/tm_imu)
[1.393s] DEBUG:colcon.colcon_parallel_executor.executor.parallel:closing loop
[1.397s] DEBUG:colcon.colcon_parallel_executor.executor.parallel:loop closed
[1.398s] DEBUG:colcon.colcon_parallel_executor.executor.parallel:run_until_complete finished with '0'
[1.399s] DEBUG:colcon.colcon_core.event_reactor:joining thread
[1.438s] INFO:colcon.colcon_core.plugin_system:Skipping extension 'colcon_notification.desktop_notification.terminal_notifier': Not used on non-Darwin systems
[1.438s] INFO:colcon.colcon_core.plugin_system:Skipping extension 'colcon_notification.desktop_notification.win32': Not used on non-Windows systems
[1.439s] INFO:colcon.colcon_notification.desktop_notification:Sending desktop notification using 'notify2'
[1.507s] DEBUG:colcon.colcon_core.event_reactor:joined thread
[1.508s] INFO:colcon.colcon_core.shell:Creating prefix script '/home/taylor/Documents/robotics-testing-repo/imu_compass_ws/install/local_setup.ps1'
[1.512s] INFO:colcon.colcon_core.shell:Creating prefix util module '/home/taylor/Documents/robotics-testing-repo/imu_compass_ws/install/_local_setup_util_ps1.py'
[1.515s] INFO:colcon.colcon_core.shell:Creating prefix chain script '/home/taylor/Documents/robotics-testing-repo/imu_compass_ws/install/setup.ps1'
[1.518s] INFO:colcon.colcon_core.shell:Creating prefix script '/home/taylor/Documents/robotics-testing-repo/imu_compass_ws/install/local_setup.sh'
[1.520s] INFO:colcon.colcon_core.shell:Creating prefix util module '/home/taylor/Documents/robotics-testing-repo/imu_compass_ws/install/_local_setup_util_sh.py'
[1.521s] INFO:colcon.colcon_core.shell:Creating prefix chain script '/home/taylor/Documents/robotics-testing-repo/imu_compass_ws/install/setup.sh'
[1.523s] INFO:colcon.colcon_core.shell:Creating prefix script '/home/taylor/Documents/robotics-testing-repo/imu_compass_ws/install/local_setup.bash'
[1.526s] INFO:colcon.colcon_core.shell:Creating prefix chain script '/home/taylor/Documents/robotics-testing-repo/imu_compass_ws/install/setup.bash'
[1.528s] INFO:colcon.colcon_core.shell:Creating prefix script '/home/taylor/Documents/robotics-testing-repo/imu_compass_ws/install/local_setup.zsh'
[1.529s] INFO:colcon.colcon_core.shell:Creating prefix chain script '/home/taylor/Documents/robotics-testing-repo/imu_compass_ws/install/setup.zsh'
