[ 12%] [32mBuilding CXX object CMakeFiles/imu_subscriber.dir/src/imu_subscriber.cpp.o[0m
[ 87%] Built target transducer_m_imu
[100%] [32m[1mLinking CXX executable imu_subscriber[0m
[100%] Built target imu_subscriber
-- Install configuration: ""
-- Up-to-date: /home/taylor/Documents/robotics-testing-repo/imu_compass_ws/install/tm_imu/lib/tm_imu/transducer_m_imu
-- Installing: /home/taylor/Documents/robotics-testing-repo/imu_compass_ws/install/tm_imu/lib/tm_imu/imu_subscriber
-- Set non-toolchain portion of runtime path of "/home/taylor/Documents/robotics-testing-repo/imu_compass_ws/install/tm_imu/lib/tm_imu/imu_subscriber" to ""
-- Up-to-date: /home/taylor/Documents/robotics-testing-repo/imu_compass_ws/install/tm_imu/share/tm_imu//launch
-- Installing: /home/taylor/Documents/robotics-testing-repo/imu_compass_ws/install/tm_imu/share/tm_imu//launch/imu.launch.py
-- Up-to-date: /home/taylor/Documents/robotics-testing-repo/imu_compass_ws/install/tm_imu/share/tm_imu//config
-- Up-to-date: /home/taylor/Documents/robotics-testing-repo/imu_compass_ws/install/tm_imu/share/tm_imu//config/params.yaml
-- Up-to-date: /home/taylor/Documents/robotics-testing-repo/imu_compass_ws/install/tm_imu/share/ament_index/resource_index/package_run_dependencies/tm_imu
-- Up-to-date: /home/taylor/Documents/robotics-testing-repo/imu_compass_ws/install/tm_imu/share/ament_index/resource_index/parent_prefix_path/tm_imu
-- Up-to-date: /home/taylor/Documents/robotics-testing-repo/imu_compass_ws/install/tm_imu/share/tm_imu/environment/ament_prefix_path.sh
-- Up-to-date: /home/taylor/Documents/robotics-testing-repo/imu_compass_ws/install/tm_imu/share/tm_imu/environment/ament_prefix_path.dsv
-- Up-to-date: /home/taylor/Documents/robotics-testing-repo/imu_compass_ws/install/tm_imu/share/tm_imu/environment/path.sh
-- Up-to-date: /home/taylor/Documents/robotics-testing-repo/imu_compass_ws/install/tm_imu/share/tm_imu/environment/path.dsv
-- Up-to-date: /home/taylor/Documents/robotics-testing-repo/imu_compass_ws/install/tm_imu/share/tm_imu/local_setup.bash
-- Up-to-date: /home/taylor/Documents/robotics-testing-repo/imu_compass_ws/install/tm_imu/share/tm_imu/local_setup.sh
-- Up-to-date: /home/taylor/Documents/robotics-testing-repo/imu_compass_ws/install/tm_imu/share/tm_imu/local_setup.zsh
-- Up-to-date: /home/taylor/Documents/robotics-testing-repo/imu_compass_ws/install/tm_imu/share/tm_imu/local_setup.dsv
-- Installing: /home/taylor/Documents/robotics-testing-repo/imu_compass_ws/install/tm_imu/share/tm_imu/package.dsv
-- Up-to-date: /home/taylor/Documents/robotics-testing-repo/imu_compass_ws/install/tm_imu/share/ament_index/resource_index/packages/tm_imu
-- Up-to-date: /home/taylor/Documents/robotics-testing-repo/imu_compass_ws/install/tm_imu/share/tm_imu/cmake/tm_imuConfig.cmake
-- Up-to-date: /home/taylor/Documents/robotics-testing-repo/imu_compass_ws/install/tm_imu/share/tm_imu/cmake/tm_imuConfig-version.cmake
-- Up-to-date: /home/taylor/Documents/robotics-testing-repo/imu_compass_ws/install/tm_imu/share/tm_imu/package.xml
