[0.041s] Invoking command in '/home/taylor/Documents/robotics-testing-repo/imu_compass_ws/build/tm_imu': CMAKE_PREFIX_PATH=${CMAKE_PREFIX_PATH}:/opt/ros/jazzy DEBUGINFOD_URLS=https://debuginfod.ubuntu.com /usr/bin/cmake --build /home/taylor/Documents/robotics-testing-repo/imu_compass_ws/build/tm_imu -- -j12 -l12
[0.264s] [100%] Built target transducer_m_imu
[0.305s] Invoked command in '/home/taylor/Documents/robotics-testing-repo/imu_compass_ws/build/tm_imu' returned '0': CMAKE_PREFIX_PATH=${CMAKE_PREFIX_PATH}:/opt/ros/jazzy DEBUGINFOD_URLS=https://debuginfod.ubuntu.com /usr/bin/cmake --build /home/taylor/Documents/robotics-testing-repo/imu_compass_ws/build/tm_imu -- -j12 -l12
[0.346s] Invoking command in '/home/taylor/Documents/robotics-testing-repo/imu_compass_ws/build/tm_imu': CMAKE_PREFIX_PATH=${CMAKE_PREFIX_PATH}:/opt/ros/jazzy DEBUGINFOD_URLS=https://debuginfod.ubuntu.com /usr/bin/cmake --install /home/taylor/Documents/robotics-testing-repo/imu_compass_ws/build/tm_imu
[0.377s] -- Install configuration: ""
[0.380s] -- Up-to-date: /home/taylor/Documents/robotics-testing-repo/imu_compass_ws/install/tm_imu/lib/tm_imu/transducer_m_imu
[0.381s] -- Up-to-date: /home/taylor/Documents/robotics-testing-repo/imu_compass_ws/install/tm_imu/share/tm_imu//launch
[0.382s] -- Up-to-date: /home/taylor/Documents/robotics-testing-repo/imu_compass_ws/install/tm_imu/share/tm_imu//launch/imu.launch.py
[0.383s] -- Up-to-date: /home/taylor/Documents/robotics-testing-repo/imu_compass_ws/install/tm_imu/share/tm_imu//config
[0.385s] -- Up-to-date: /home/taylor/Documents/robotics-testing-repo/imu_compass_ws/install/tm_imu/share/tm_imu//config/params.yaml
[0.385s] -- Up-to-date: /home/taylor/Documents/robotics-testing-repo/imu_compass_ws/install/tm_imu/share/ament_index/resource_index/package_run_dependencies/tm_imu
[0.386s] -- Up-to-date: /home/taylor/Documents/robotics-testing-repo/imu_compass_ws/install/tm_imu/share/ament_index/resource_index/parent_prefix_path/tm_imu
[0.386s] -- Up-to-date: /home/taylor/Documents/robotics-testing-repo/imu_compass_ws/install/tm_imu/share/tm_imu/environment/ament_prefix_path.sh
[0.387s] -- Up-to-date: /home/taylor/Documents/robotics-testing-repo/imu_compass_ws/install/tm_imu/share/tm_imu/environment/ament_prefix_path.dsv
[0.388s] -- Up-to-date: /home/taylor/Documents/robotics-testing-repo/imu_compass_ws/install/tm_imu/share/tm_imu/environment/path.sh
[0.388s] -- Up-to-date: /home/taylor/Documents/robotics-testing-repo/imu_compass_ws/install/tm_imu/share/tm_imu/environment/path.dsv
[0.389s] -- Up-to-date: /home/taylor/Documents/robotics-testing-repo/imu_compass_ws/install/tm_imu/share/tm_imu/local_setup.bash
[0.390s] -- Up-to-date: /home/taylor/Documents/robotics-testing-repo/imu_compass_ws/install/tm_imu/share/tm_imu/local_setup.sh
[0.390s] -- Up-to-date: /home/taylor/Documents/robotics-testing-repo/imu_compass_ws/install/tm_imu/share/tm_imu/local_setup.zsh
[0.391s] -- Up-to-date: /home/taylor/Documents/robotics-testing-repo/imu_compass_ws/install/tm_imu/share/tm_imu/local_setup.dsv
[0.391s] -- Installing: /home/taylor/Documents/robotics-testing-repo/imu_compass_ws/install/tm_imu/share/tm_imu/package.dsv
[0.392s] -- Up-to-date: /home/taylor/Documents/robotics-testing-repo/imu_compass_ws/install/tm_imu/share/ament_index/resource_index/packages/tm_imu
[0.392s] -- Up-to-date: /home/taylor/Documents/robotics-testing-repo/imu_compass_ws/install/tm_imu/share/tm_imu/cmake/tm_imuConfig.cmake
[0.393s] -- Up-to-date: /home/taylor/Documents/robotics-testing-repo/imu_compass_ws/install/tm_imu/share/tm_imu/cmake/tm_imuConfig-version.cmake
[0.393s] -- Up-to-date: /home/taylor/Documents/robotics-testing-repo/imu_compass_ws/install/tm_imu/share/tm_imu/package.xml
[0.406s] Invoked command in '/home/taylor/Documents/robotics-testing-repo/imu_compass_ws/build/tm_imu' returned '0': CMAKE_PREFIX_PATH=${CMAKE_PREFIX_PATH}:/opt/ros/jazzy DEBUGINFOD_URLS=https://debuginfod.ubuntu.com /usr/bin/cmake --install /home/taylor/Documents/robotics-testing-repo/imu_compass_ws/build/tm_imu
