[0.036s] Invoking command in '/home/taylor/Documents/robotics-testing-repo/scrb-introtask/build/my_cpp_pkg': CMAKE_PREFIX_PATH=/opt/ros/humble /usr/bin/cmake --build /home/taylor/Documents/robotics-testing-repo/scrb-introtask/build/my_cpp_pkg -- -j2 -l2
[0.197s] -- Found ament_cmake: 1.3.14 (/opt/ros/humble/share/ament_cmake/cmake)
[0.518s] -- Found rclcpp: 16.0.19 (/opt/ros/humble/share/rclcpp/cmake)
[0.605s] -- Found rosidl_generator_c: 3.1.8 (/opt/ros/humble/share/rosidl_generator_c/cmake)
[0.612s] -- Found rosidl_adapter: 3.1.8 (/opt/ros/humble/share/rosidl_adapter/cmake)
[0.631s] -- Found rosidl_generator_cpp: 3.1.8 (/opt/ros/humble/share/rosidl_generator_cpp/cmake)
[0.659s] -- Using all available rosidl_typesupport_c: rosidl_typesupport_fastrtps_c;rosidl_typesupport_introspection_c
[0.696s] -- Using all available rosidl_typesupport_cpp: rosidl_typesupport_fastrtps_cpp;rosidl_typesupport_introspection_cpp
[0.799s] -- Found rmw_implementation_cmake: 6.1.2 (/opt/ros/humble/share/rmw_implementation_cmake/cmake)
[0.805s] -- Found rmw_fastrtps_cpp: 6.2.10 (/opt/ros/humble/share/rmw_fastrtps_cpp/cmake)
[1.042s] -- Using RMW implementation 'rmw_fastrtps_cpp' as default
[1.182s] -- Found ament_lint_auto: 0.12.15 (/opt/ros/humble/share/ament_lint_auto/cmake)
[1.364s] -- Added test 'cppcheck' to perform static code analysis on C / C++ code
[1.364s] -- Configured cppcheck include dirs: 
[1.365s] -- Configured cppcheck exclude dirs and/or files: 
[1.366s] -- Added test 'lint_cmake' to check CMake code style
[1.370s] -- Added test 'uncrustify' to check C / C++ code style
[1.370s] -- Configured uncrustify additional arguments: 
[1.371s] -- Added test 'xmllint' to check XML markup files
[1.375s] -- Configuring done
[1.424s] -- Generating done
[1.436s] -- Build files have been written to: /home/taylor/Documents/robotics-testing-repo/scrb-introtask/build/my_cpp_pkg
[1.499s] [35m[1mConsolidate compiler generated dependencies of target listener[0m
[1.499s] [35m[1mConsolidate compiler generated dependencies of target talker[0m
[1.583s] [ 25%] [32mBuilding CXX object CMakeFiles/listener.dir/src/subscriber.cpp.o[0m
[1.584s] [ 50%] [32mBuilding CXX object CMakeFiles/talker.dir/src/publisher.cpp.o[0m
[11.962s] [ 75%] [32m[1mLinking CXX executable talker[0m
[12.452s] [ 75%] Built target talker
[16.060s] gmake[2]: *** [CMakeFiles/listener.dir/build.make:76: CMakeFiles/listener.dir/src/subscriber.cpp.o] Interrupt
[16.064s] gmake[1]: *** [CMakeFiles/Makefile2:165: CMakeFiles/listener.dir/all] Interrupt
[16.064s] gmake: *** [Makefile:146: all] Interrupt
[16.195s] Invoked command in '/home/taylor/Documents/robotics-testing-repo/scrb-introtask/build/my_cpp_pkg' returned '-2': CMAKE_PREFIX_PATH=/opt/ros/humble /usr/bin/cmake --build /home/taylor/Documents/robotics-testing-repo/scrb-introtask/build/my_cpp_pkg -- -j2 -l2
